// Jest Snapshot v1, https://goo.gl/fbAQLP

exports[`TableBody renders without crashing 1`] = `
<tbody>
  TableBody
</tbody>
`;
