// Jest Snapshot v1, https://goo.gl/fbAQLP

exports[`TabsContent renders without crashing 1`] = `
<div
  className="c-tab-content"
>
  TabsContent
</div>
`;
